// Jest Snapshot v1, https://goo.gl/fbAQLP

exports[`App App snapshot 1`] = `
Object {
  "asFragment": [Function],
  "baseElement": <body>
    <div>
      <div
        class="App"
      >
        <h1
          class="logo"
        >
          todos
        </h1>
        <div
          class="input_task"
        >
          <input
            placeholder="What needs to be done?"
            value=""
          />
          <button>
             Add 
          </button>
        </div>
        <div
          class="list"
        />
        <div
          class="menu"
        >
          <div
            class="sum"
          >
            0
             items left
          </div>
          <div>
            <span
              class="active"
            >
              All
            </span>
            <span
              class=""
            >
              Active
            </span>
            <span
              class=""
            >
              Completed
            </span>
          </div>
          <div>
            <span>
              clear completed
            </span>
          </div>
        </div>
      </div>
    </div>
  </body>,
  "container": <div>
    <div
      class="App"
    >
      <h1
        class="logo"
      >
        todos
      </h1>
      <div
        class="input_task"
      >
        <input
          placeholder="What needs to be done?"
          value=""
        />
        <button>
           Add 
        </button>
      </div>
      <div
        class="list"
      />
      <div
        class="menu"
      >
        <div
          class="sum"
        >
          0
           items left
        </div>
        <div>
          <span
            class="active"
          >
            All
          </span>
          <span
            class=""
          >
            Active
          </span>
          <span
            class=""
          >
            Completed
          </span>
        </div>
        <div>
          <span>
            clear completed
          </span>
        </div>
      </div>
    </div>
  </div>,
  "debug": [Function],
  "findAllByAltText": [Function],
  "findAllByDisplayValue": [Function],
  "findAllByLabelText": [Function],
  "findAllByPlaceholderText": [Function],
  "findAllByRole": [Function],
  "findAllByTestId": [Function],
  "findAllByText": [Function],
  "findAllByTitle": [Function],
  "findByAltText": [Function],
  "findByDisplayValue": [Function],
  "findByLabelText": [Function],
  "findByPlaceholderText": [Function],
  "findByRole": [Function],
  "findByTestId": [Function],
  "findByText": [Function],
  "findByTitle": [Function],
  "getAllByAltText": [Function],
  "getAllByDisplayValue": [Function],
  "getAllByLabelText": [Function],
  "getAllByPlaceholderText": [Function],
  "getAllByRole": [Function],
  "getAllByTestId": [Function],
  "getAllByText": [Function],
  "getAllByTitle": [Function],
  "getByAltText": [Function],
  "getByDisplayValue": [Function],
  "getByLabelText": [Function],
  "getByPlaceholderText": [Function],
  "getByRole": [Function],
  "getByTestId": [Function],
  "getByText": [Function],
  "getByTitle": [Function],
  "queryAllByAltText": [Function],
  "queryAllByDisplayValue": [Function],
  "queryAllByLabelText": [Function],
  "queryAllByPlaceholderText": [Function],
  "queryAllByRole": [Function],
  "queryAllByTestId": [Function],
  "queryAllByText": [Function],
  "queryAllByTitle": [Function],
  "queryByAltText": [Function],
  "queryByDisplayValue": [Function],
  "queryByLabelText": [Function],
  "queryByPlaceholderText": [Function],
  "queryByRole": [Function],
  "queryByTestId": [Function],
  "queryByText": [Function],
  "queryByTitle": [Function],
  "rerender": [Function],
  "unmount": [Function],
}
`;
