// Jest Snapshot v1, https://goo.gl/fbAQLP

exports[` 1`] = `"String"`;

exports[`toUpperCaseFirsrLetter toUpperCaseFirsrLetter snapshot 1`] = `"String"`;
